../Core/Src/lcd.c:19:6:LCD_Init	16	static
../Core/Src/lcd.c:138:6:LCD_Out_Data4	16	static
../Core/Src/lcd.c:161:6:LCD_Write_Byte	16	static
../Core/Src/lcd.c:170:6:LCD_Write_Cmd	16	static
../Core/Src/lcd.c:176:6:LCD_Put_Char	16	static
../Core/Src/lcd.c:183:6:LCD_Set_Cursor	24	static
../Core/Src/lcd.c:193:6:LCD_Put_Str	32	static
../Core/Src/lcd.c:200:6:LCD_Put_Num	40	static
../Core/Src/lcd.c:220:6:LCD_Busy	8	static
../Core/Src/lcd.c:257:6:LCD_Pulse_EN	8	static
../Core/Src/lcd.c:276:6:LCD_BarGraphic	24	static
../Core/Src/lcd.c:293:6:LCD_BarGraphicXY	32	static
