../Core/Src/main.c:53:5:main	16	static
../Core/Src/main.c:94:6:USER_RCC_Init	8	static
../Core/Src/main.c:108:6:USER_GPIO_Init	8	static
../Core/Src/main.c:125:6:Task_Input	16	static
../Core/Src/main.c:134:6:Task_Control	16	static
../Core/Src/main.c:147:6:Task_PWM_Update	16	static
../Core/Src/main.c:156:6:Task_Display	16	static
../Core/Src/main.c:176:6:Task_Transmit	56	static
../Core/Src/main.c:186:6:Task_ADC_Init	8	static
../Core/Src/main.c:190:6:Task_PWM_Init	8	static
../Core/Src/main.c:194:6:Task_Transmit_Init	8	static
../Core/Src/main.c:198:6:Task_LCD_Init	8	static
