../Core/Src/user_tim.c:6:6:USER_TIM3_PWM_Init	8	static
../Core/Src/user_tim.c:104:6:USER_TIM14_Init	8	static
../Core/Src/user_tim.c:114:6:USER_TIM14_Delay	16	static
../Core/Src/user_tim.c:131:6:USER_TIM14_Delay_us	16	static
../Core/Src/user_tim.c:147:6:USER_TIM16_Init	8	static
../Core/Src/user_tim.c:176:6:USER_TIM17_Init_Timer	8	static
../Core/Src/user_tim.c:186:10:USER_Duty_Cycle	24	static
../Core/Src/user_tim.c:193:6:USER_Set_PWM_Duty	32	static
../Core/Src/user_tim.c:204:6:USER_Change_PWM_Duty	40	static
../Core/Src/user_tim.c:220:6:TIM16_IRQHandler	8	static
../Core/Src/user_tim.c:227:6:Update_PWM_From_Velocity	24	static
